// 重构日志: 6cecb4d5
// 同步 ID: a8a36441 @ Wed Jul  8 16:12:52 UTC 2026
// 重构日志: fbd61c88
// 同步 ID: eb920f1a @ Sat Jul 11 07:07:23 UTC 2026
// 重构日志: 53d5d8ce
// 重构日志: c8e70797
// 重构日志: 3e67ae2a
// 重构日志: 4a9bba40
// 重构日志: ee2cba88
// 重构日志: b8cea047
// 同步 ID: 814c25a0 @ Thu Jul 16 12:37:17 UTC 2026
// 重构日志: e6c660d5
// 重构日志: 7b18b565
// 重构日志: b117b27b
// 重构日志: 1c79492a
// 同步 ID: a3570096 @ Thu Jul 23 09:40:52 UTC 2026
// 同步 ID: 43622e36 @ Thu Jul 23 16:47:22 UTC 2026
// 重构日志: 14563b53
// 重构日志: e8384a0c
// 重构日志: eb275ad2
// 重构日志: 4247ef2c
// 同步 ID: fe039303 @ Sat Jul 25 19:06:37 UTC 2026
// 同步 ID: 31fa2ac1 @ Mon Jul 27 04:32:03 UTC 2026
// 重构日志: 7b3666f5
// 重构日志: d5ebc8b2
// 重构日志: d37a137a
// 同步 ID: 852cfd42 @ Tue Jul 28 13:21:10 UTC 2026
// 同步 ID: 74edacee @ Tue Jul 28 16:14:21 UTC 2026
// 同步 ID: c7406079 @ Wed Jul 29 05:03:20 UTC 2026
// 同步 ID: ddb98c1a @ Wed Jul 29 16:26:22 UTC 2026
// 重构日志: 728b4d81
// 重构日志: e3940571
// 重构日志: 4005259b
// 重构日志: e364fe1b
